Copyright 1986-2022 Xilinx, Inc. All Rights Reserved.
---------------------------------------------------------------------------------------------------------------------------------------------------------------------------------------------------------------------------
| Tool Version : Vivado v.2022.1 (win64) Build 3526262 Mon Apr 18 15:48:16 MDT 2022
| Date         : Fri Sep  4 20:58:54 2026
| Host         : DESKTOP-PD271LR running 64-bit major release  (build 9200)
| Command      : report_timing_summary -max_paths 10 -report_unconstrained -file logic_gate_timing_summary_routed.rpt -pb logic_gate_timing_summary_routed.pb -rpx logic_gate_timing_summary_routed.rpx -warn_on_violation
| Design       : logic_gate
| Device       : 7s75-fgga484
| Speed File   : -1  PRODUCTION 1.23 2018-06-13
---------------------------------------------------------------------------------------------------------------------------------------------------------------------------------------------------------------------------

Timing Summary Report

------------------------------------------------------------------------------------------------
| Timer Settings
| --------------
------------------------------------------------------------------------------------------------

  Enable Multi Corner Analysis               :  Yes
  Enable Pessimism Removal                   :  Yes
  Pessimism Removal Resolution               :  Nearest Common Node
  Enable Input Delay Default Clock           :  No
  Enable Preset / Clear Arcs                 :  No
  Disable Flight Delays                      :  No
  Ignore I/O Paths                           :  No
  Timing Early Launch at Borrowing Latches   :  No
  Borrow Time for Max Delay Exceptions       :  Yes
  Merge Timing Exceptions                    :  Yes

  Corner  Analyze    Analyze    
  Name    Max Paths  Min Paths  
  ------  ---------  ---------  
  Slow    Yes        Yes        
  Fast    Yes        Yes        


------------------------------------------------------------------------------------------------
| Report Methodology
| ------------------
------------------------------------------------------------------------------------------------

Rule  Severity  Description  Violations  
----  --------  -----------  ----------  

Note: This report is based on the most recent report_methodology run and may not be up-to-date. Run report_methodology on the current design for the latest report.



check_timing report

Table of Contents
-----------------
1. checking no_clock (0)
2. checking constant_clock (0)
3. checking pulse_width_clock (0)
4. checking unconstrained_internal_endpoints (0)
5. checking no_input_delay (0)
6. checking no_output_delay (0)
7. checking multiple_clock (0)
8. checking generated_clocks (0)
9. checking loops (0)
10. checking partial_input_delay (0)
11. checking partial_output_delay (0)
12. checking latch_loops (0)

1. checking no_clock (0)
------------------------
 There are 0 register/latch pins with no clock.


2. checking constant_clock (0)
------------------------------
 There are 0 register/latch pins with constant_clock.


3. checking pulse_width_clock (0)
---------------------------------
 There are 0 register/latch pins which need pulse_width check


4. checking unconstrained_internal_endpoints (0)
------------------------------------------------
 There are 0 pins that are not constrained for maximum delay.

 There are 0 pins that are not constrained for maximum delay due to constant clock.


5. checking no_input_delay (0)
------------------------------
 There are 0 input ports with no input delay specified.

 There are 0 input ports with no input delay but user has a false path constraint.


6. checking no_output_delay (0)
-------------------------------
 There are 0 ports with no output delay specified.

 There are 0 ports with no output delay but user has a false path constraint

 There are 0 ports with no output delay but with a timing clock defined on it or propagating through it


7. checking multiple_clock (0)
------------------------------
 There are 0 register/latch pins with multiple clocks.


8. checking generated_clocks (0)
--------------------------------
 There are 0 generated clocks that are not connected to a clock source.


9. checking loops (0)
---------------------
 There are 0 combinational loops in the design.


10. checking partial_input_delay (0)
------------------------------------
 There are 0 input ports with partial input delay specified.


11. checking partial_output_delay (0)
-------------------------------------
 There are 0 ports with partial output delay specified.


12. checking latch_loops (0)
----------------------------
 There are 0 combinational latch loops in the design through latch input



------------------------------------------------------------------------------------------------
| Design Timing Summary
| ---------------------
------------------------------------------------------------------------------------------------

    WNS(ns)      TNS(ns)  TNS Failing Endpoints  TNS Total Endpoints      WHS(ns)      THS(ns)  THS Failing Endpoints  THS Total Endpoints     WPWS(ns)     TPWS(ns)  TPWS Failing Endpoints  TPWS Total Endpoints  
    -------      -------  ---------------------  -------------------      -------      -------  ---------------------  -------------------     --------     --------  ----------------------  --------------------  
        inf        0.000                      0                    5          inf        0.000                      0                    5           NA           NA                      NA                    NA  


There are no user specified timing constraints.


------------------------------------------------------------------------------------------------
| Clock Summary
| -------------
------------------------------------------------------------------------------------------------


------------------------------------------------------------------------------------------------
| Intra Clock Table
| -----------------
------------------------------------------------------------------------------------------------

Clock             WNS(ns)      TNS(ns)  TNS Failing Endpoints  TNS Total Endpoints      WHS(ns)      THS(ns)  THS Failing Endpoints  THS Total Endpoints     WPWS(ns)     TPWS(ns)  TPWS Failing Endpoints  TPWS Total Endpoints  
-----             -------      -------  ---------------------  -------------------      -------      -------  ---------------------  -------------------     --------     --------  ----------------------  --------------------  


------------------------------------------------------------------------------------------------
| Inter Clock Table
| -----------------
------------------------------------------------------------------------------------------------

From Clock    To Clock          WNS(ns)      TNS(ns)  TNS Failing Endpoints  TNS Total Endpoints      WHS(ns)      THS(ns)  THS Failing Endpoints  THS Total Endpoints  
----------    --------          -------      -------  ---------------------  -------------------      -------      -------  ---------------------  -------------------  


------------------------------------------------------------------------------------------------
| Other Path Groups Table
| -----------------------
------------------------------------------------------------------------------------------------

Path Group    From Clock    To Clock          WNS(ns)      TNS(ns)  TNS Failing Endpoints  TNS Total Endpoints      WHS(ns)      THS(ns)  THS Failing Endpoints  THS Total Endpoints  
----------    ----------    --------          -------      -------  ---------------------  -------------------      -------      -------  ---------------------  -------------------  


------------------------------------------------------------------------------------------------
| User Ignored Path Table
| -----------------------
------------------------------------------------------------------------------------------------

Path Group    From Clock    To Clock    
----------    ----------    --------    


------------------------------------------------------------------------------------------------
| Unconstrained Path Table
| ------------------------
------------------------------------------------------------------------------------------------

Path Group    From Clock    To Clock    
----------    ----------    --------    
(none)                                    


------------------------------------------------------------------------------------------------
| Timing Details
| --------------
------------------------------------------------------------------------------------------------


--------------------------------------------------------------------------------------
Path Group:  (none)
From Clock:  
  To Clock:  

Max Delay             5 Endpoints
Min Delay             5 Endpoints
--------------------------------------------------------------------------------------


Max Delay Paths
--------------------------------------------------------------------------------------
Slack:                    inf
  Source:                 in1
                            (input port)
  Destination:            out_nor
                            (output port)
  Path Group:             (none)
  Path Type:              Max at Slow Process Corner
  Data Path Delay:        7.219ns  (logic 4.005ns (55.475%)  route 3.214ns (44.525%))
  Logic Levels:           3  (IBUF=1 LUT2=1 OBUF=1)

    Location             Delay type                Incr(ns)  Path(ns)    Netlist Resource(s)
  -------------------------------------------------------------------    -------------------
    AA11                                              0.000     0.000 f  in1 (IN)
                         net (fo=0)                   0.000     0.000    in1
    AA11                 IBUF (Prop_ibuf_I_O)         0.981     0.981 f  in1_IBUF_inst/O
                         net (fo=5, routed)           1.514     2.495    in1_IBUF
    SLICE_X0Y15          LUT2 (Prop_lut2_I1_O)        0.150     2.645 r  out_nor_OBUF_inst_i_1/O
                         net (fo=1, routed)           1.700     4.345    out_nor_OBUF
    AB11                 OBUF (Prop_obuf_I_O)         2.874     7.219 r  out_nor_OBUF_inst/O
                         net (fo=0)                   0.000     7.219    out_nor
    AB11                                                              r  out_nor (OUT)
  -------------------------------------------------------------------    -------------------

Slack:                    inf
  Source:                 in1
                            (input port)
  Destination:            out_xor
                            (output port)
  Path Group:             (none)
  Path Type:              Max at Slow Process Corner
  Data Path Delay:        7.111ns  (logic 3.780ns (53.158%)  route 3.331ns (46.842%))
  Logic Levels:           3  (IBUF=1 LUT2=1 OBUF=1)

    Location             Delay type                Incr(ns)  Path(ns)    Netlist Resource(s)
  -------------------------------------------------------------------    -------------------
    AA11                                              0.000     0.000 r  in1 (IN)
                         net (fo=0)                   0.000     0.000    in1
    AA11                 IBUF (Prop_ibuf_I_O)         0.981     0.981 r  in1_IBUF_inst/O
                         net (fo=5, routed)           1.506     2.487    in1_IBUF
    SLICE_X0Y15          LUT2 (Prop_lut2_I1_O)        0.124     2.611 r  out_xor_OBUF_inst_i_1/O
                         net (fo=1, routed)           1.825     4.436    out_xor_OBUF
    W11                  OBUF (Prop_obuf_I_O)         2.675     7.111 r  out_xor_OBUF_inst/O
                         net (fo=0)                   0.000     7.111    out_xor
    W11                                                               r  out_xor (OUT)
  -------------------------------------------------------------------    -------------------

Slack:                    inf
  Source:                 in1
                            (input port)
  Destination:            out_and
                            (output port)
  Path Group:             (none)
  Path Type:              Max at Slow Process Corner
  Data Path Delay:        6.907ns  (logic 3.984ns (57.687%)  route 2.922ns (42.313%))
  Logic Levels:           3  (IBUF=1 LUT2=1 OBUF=1)

    Location             Delay type                Incr(ns)  Path(ns)    Netlist Resource(s)
  -------------------------------------------------------------------    -------------------
    AA11                                              0.000     0.000 r  in1 (IN)
                         net (fo=0)                   0.000     0.000    in1
    AA11                 IBUF (Prop_ibuf_I_O)         0.981     0.981 r  in1_IBUF_inst/O
                         net (fo=5, routed)           1.222     2.203    in1_IBUF
    SLICE_X0Y13          LUT2 (Prop_lut2_I0_O)        0.150     2.353 r  out_and_OBUF_inst_i_1/O
                         net (fo=1, routed)           1.700     4.053    out_and_OBUF
    Y12                  OBUF (Prop_obuf_I_O)         2.853     6.906 r  out_and_OBUF_inst/O
                         net (fo=0)                   0.000     6.906    out_and
    Y12                                                               r  out_and (OUT)
  -------------------------------------------------------------------    -------------------

Slack:                    inf
  Source:                 in1
                            (input port)
  Destination:            out_nand
                            (output port)
  Path Group:             (none)
  Path Type:              Max at Slow Process Corner
  Data Path Delay:        6.815ns  (logic 3.772ns (55.349%)  route 3.043ns (44.651%))
  Logic Levels:           3  (IBUF=1 LUT2=1 OBUF=1)

    Location             Delay type                Incr(ns)  Path(ns)    Netlist Resource(s)
  -------------------------------------------------------------------    -------------------
    AA11                                              0.000     0.000 f  in1 (IN)
                         net (fo=0)                   0.000     0.000    in1
    AA11                 IBUF (Prop_ibuf_I_O)         0.981     0.981 f  in1_IBUF_inst/O
                         net (fo=5, routed)           1.514     2.495    in1_IBUF
    SLICE_X0Y15          LUT2 (Prop_lut2_I1_O)        0.124     2.619 r  out_nand_OBUF_inst_i_1/O
                         net (fo=1, routed)           1.529     4.148    out_nand_OBUF
    AB12                 OBUF (Prop_obuf_I_O)         2.667     6.815 r  out_nand_OBUF_inst/O
                         net (fo=0)                   0.000     6.815    out_nand
    AB12                                                              r  out_nand (OUT)
  -------------------------------------------------------------------    -------------------

Slack:                    inf
  Source:                 in1
                            (input port)
  Destination:            out_or
                            (output port)
  Path Group:             (none)
  Path Type:              Max at Slow Process Corner
  Data Path Delay:        6.700ns  (logic 3.769ns (56.249%)  route 2.932ns (43.751%))
  Logic Levels:           3  (IBUF=1 LUT2=1 OBUF=1)

    Location             Delay type                Incr(ns)  Path(ns)    Netlist Resource(s)
  -------------------------------------------------------------------    -------------------
    AA11                                              0.000     0.000 r  in1 (IN)
                         net (fo=0)                   0.000     0.000    in1
    AA11                 IBUF (Prop_ibuf_I_O)         0.981     0.981 r  in1_IBUF_inst/O
                         net (fo=5, routed)           1.222     2.203    in1_IBUF
    SLICE_X0Y13          LUT2 (Prop_lut2_I0_O)        0.124     2.327 r  out_or_OBUF_inst_i_1/O
                         net (fo=1, routed)           1.709     4.036    out_or_OBUF
    Y11                  OBUF (Prop_obuf_I_O)         2.664     6.700 r  out_or_OBUF_inst/O
                         net (fo=0)                   0.000     6.700    out_or
    Y11                                                               r  out_or (OUT)
  -------------------------------------------------------------------    -------------------





Min Delay Paths
--------------------------------------------------------------------------------------
Slack:                    inf
  Source:                 in2
                            (input port)
  Destination:            out_or
                            (output port)
  Path Group:             (none)
  Path Type:              Min at Fast Process Corner
  Data Path Delay:        2.138ns  (logic 1.439ns (67.274%)  route 0.700ns (32.726%))
  Logic Levels:           3  (IBUF=1 LUT2=1 OBUF=1)

    Location             Delay type                Incr(ns)  Path(ns)    Netlist Resource(s)
  -------------------------------------------------------------------    -------------------
    Y13                                               0.000     0.000 r  in2 (IN)
                         net (fo=0)                   0.000     0.000    in2
    Y13                  IBUF (Prop_ibuf_I_O)         0.213     0.213 r  in2_IBUF_inst/O
                         net (fo=5, routed)           0.349     0.562    in2_IBUF
    SLICE_X0Y13          LUT2 (Prop_lut2_I1_O)        0.045     0.607 r  out_or_OBUF_inst_i_1/O
                         net (fo=1, routed)           0.351     0.958    out_or_OBUF
    Y11                  OBUF (Prop_obuf_I_O)         1.181     2.138 r  out_or_OBUF_inst/O
                         net (fo=0)                   0.000     2.138    out_or
    Y11                                                               r  out_or (OUT)
  -------------------------------------------------------------------    -------------------

Slack:                    inf
  Source:                 in2
                            (input port)
  Destination:            out_nand
                            (output port)
  Path Group:             (none)
  Path Type:              Min at Fast Process Corner
  Data Path Delay:        2.140ns  (logic 1.442ns (67.355%)  route 0.699ns (32.645%))
  Logic Levels:           3  (IBUF=1 LUT2=1 OBUF=1)

    Location             Delay type                Incr(ns)  Path(ns)    Netlist Resource(s)
  -------------------------------------------------------------------    -------------------
    Y13                                               0.000     0.000 f  in2 (IN)
                         net (fo=0)                   0.000     0.000    in2
    Y13                  IBUF (Prop_ibuf_I_O)         0.213     0.213 f  in2_IBUF_inst/O
                         net (fo=5, routed)           0.417     0.630    in2_IBUF
    SLICE_X0Y15          LUT2 (Prop_lut2_I0_O)        0.045     0.675 r  out_nand_OBUF_inst_i_1/O
                         net (fo=1, routed)           0.282     0.957    out_nand_OBUF
    AB12                 OBUF (Prop_obuf_I_O)         1.184     2.140 r  out_nand_OBUF_inst/O
                         net (fo=0)                   0.000     2.140    out_nand
    AB12                                                              r  out_nand (OUT)
  -------------------------------------------------------------------    -------------------

Slack:                    inf
  Source:                 in2
                            (input port)
  Destination:            out_and
                            (output port)
  Path Group:             (none)
  Path Type:              Min at Fast Process Corner
  Data Path Delay:        2.187ns  (logic 1.491ns (68.156%)  route 0.697ns (31.844%))
  Logic Levels:           3  (IBUF=1 LUT2=1 OBUF=1)

    Location             Delay type                Incr(ns)  Path(ns)    Netlist Resource(s)
  -------------------------------------------------------------------    -------------------
    Y13                                               0.000     0.000 r  in2 (IN)
                         net (fo=0)                   0.000     0.000    in2
    Y13                  IBUF (Prop_ibuf_I_O)         0.213     0.213 r  in2_IBUF_inst/O
                         net (fo=5, routed)           0.349     0.562    in2_IBUF
    SLICE_X0Y13          LUT2 (Prop_lut2_I1_O)        0.048     0.610 r  out_and_OBUF_inst_i_1/O
                         net (fo=1, routed)           0.348     0.957    out_and_OBUF
    Y12                  OBUF (Prop_obuf_I_O)         1.230     2.187 r  out_and_OBUF_inst/O
                         net (fo=0)                   0.000     2.187    out_and
    Y12                                                               r  out_and (OUT)
  -------------------------------------------------------------------    -------------------

Slack:                    inf
  Source:                 in2
                            (input port)
  Destination:            out_xor
                            (output port)
  Path Group:             (none)
  Path Type:              Min at Fast Process Corner
  Data Path Delay:        2.259ns  (logic 1.450ns (64.165%)  route 0.810ns (35.835%))
  Logic Levels:           3  (IBUF=1 LUT2=1 OBUF=1)

    Location             Delay type                Incr(ns)  Path(ns)    Netlist Resource(s)
  -------------------------------------------------------------------    -------------------
    Y13                                               0.000     0.000 r  in2 (IN)
                         net (fo=0)                   0.000     0.000    in2
    Y13                  IBUF (Prop_ibuf_I_O)         0.213     0.213 r  in2_IBUF_inst/O
                         net (fo=5, routed)           0.418     0.631    in2_IBUF
    SLICE_X0Y15          LUT2 (Prop_lut2_I0_O)        0.045     0.676 r  out_xor_OBUF_inst_i_1/O
                         net (fo=1, routed)           0.392     1.067    out_xor_OBUF
    W11                  OBUF (Prop_obuf_I_O)         1.192     2.259 r  out_xor_OBUF_inst/O
                         net (fo=0)                   0.000     2.259    out_xor
    W11                                                               r  out_xor (OUT)
  -------------------------------------------------------------------    -------------------

Slack:                    inf
  Source:                 in2
                            (input port)
  Destination:            out_nor
                            (output port)
  Path Group:             (none)
  Path Type:              Min at Fast Process Corner
  Data Path Delay:        2.276ns  (logic 1.511ns (66.393%)  route 0.765ns (33.607%))
  Logic Levels:           3  (IBUF=1 LUT2=1 OBUF=1)

    Location             Delay type                Incr(ns)  Path(ns)    Netlist Resource(s)
  -------------------------------------------------------------------    -------------------
    Y13                                               0.000     0.000 f  in2 (IN)
                         net (fo=0)                   0.000     0.000    in2
    Y13                  IBUF (Prop_ibuf_I_O)         0.213     0.213 f  in2_IBUF_inst/O
                         net (fo=5, routed)           0.417     0.630    in2_IBUF
    SLICE_X0Y15          LUT2 (Prop_lut2_I0_O)        0.048     0.678 r  out_nor_OBUF_inst_i_1/O
                         net (fo=1, routed)           0.348     1.026    out_nor_OBUF
    AB11                 OBUF (Prop_obuf_I_O)         1.250     2.276 r  out_nor_OBUF_inst/O
                         net (fo=0)                   0.000     2.276    out_nor
    AB11                                                              r  out_nor (OUT)
  -------------------------------------------------------------------    -------------------





